/* exsecutor: the C face of a library unit (exsc --emitte h). Generated,
 * never hand-edited: one prototype per `publica` function the unit defines,
 * spelled exactly as the unit's own prototype, then the one symbol the unit
 * imports. The host supplies exsrt_abortus; only a trap reaches it, and it
 * must not return. Above each prototype, its IR signature: a uint64_t carries
 * the named width in canonical form (a uN zero-extended, an iN sign-extended);
 * a value outside that width is outside the contract, and what the unit does
 * with one is unspecified. docs/design/c-backend.md D1, D5, D9. */
#ifndef EXSECUTOR_FACIES_A247E9CCA421F9FD_H
#define EXSECUTOR_FACIES_A247E9CCA421F9FD_H
#include <stdint.h>

/* (u64, u32) -> u64 */
uint64_t exs_summa(uint64_t p0, uint64_t p1);
/* (ptr) -> u8 */
uint64_t exs_prima(unsigned char *p0);
/* (f64) -> f64 */
double exs_dimidium(double p0);
/* (f32) -> f32 */
float exs_dimidium_f(float p0);
/* () -> void */
void exs_quiesce(void);

_Noreturn void exsrt_abortus(unsigned kind);
#endif
